// Jest Snapshot v1, https://goo.gl/fbAQLP

exports[`Camera tests renders CameraFP correctly 1`] = `<a-entity />`;

exports[`Camera tests renders CameraTP correctly 1`] = `<a-entity />`;
