// Jest Snapshot v1, https://goo.gl/fbAQLP

exports[`Skybox tests renders skybox correctly 1`] = `<a-sky />`;
