// Jest Snapshot v1, https://goo.gl/fbAQLP

exports[`Tutorial Tests should have the correct part 1 1`] = `"[{\\"title\\":\\"Welcome to the Nursing Simulation Builder!\\",\\"text\\":\\"Select <strong>Next</strong> to continue or <strong>Skip</strong> to close the tour.\\",\\"selector\\":\\"#app\\",\\"position\\":\\"top\\",\\"style\\":{\\"hole\\":{\\"visibility\\":\\"hidden\\"},\\"arrow\\":{\\"display\\":\\"none\\"}}},{\\"title\\":\\"The Simulation Space\\",\\"text\\":\\"Below is the scene where various objects can be placed. You can place additional walls and doors to create rooms.\\",\\"selector\\":\\".vr-scene\\",\\"position\\":\\"top\\",\\"style\\":{\\"hole\\":{\\"visibility\\":\\"hidden\\"},\\"arrow\\":{\\"display\\":\\"none\\"}}},{\\"title\\":\\"Moving the Camera\\",\\"text\\":\\"The camera's position can be adjusted using these buttons. The middle button recenters the camera.\\",\\"selector\\":\\"#camera-controls\\",\\"position\\":\\"left\\",\\"allowClicksThruHole\\":true},{\\"title\\":\\"Taking a Screenshot\\",\\"text\\":\\"This button can be used to take a screenshot of the room.\\",\\"selector\\":\\"#screenshot\\",\\"position\\":\\"left\\",\\"allowClicksThruHole\\":true},{\\"title\\":\\"Categories\\",\\"text\\":\\"Here are the categories of objects to choose from. Make sure the <strong>Equipment</strong> category is selected.\\",\\"selector\\":\\"#categories-list\\",\\"position\\":\\"top\\",\\"allowClicksThruHole\\":true},{\\"title\\":\\"Picking an Object\\",\\"text\\":\\"<strong>Click/touch</strong> a bed now to select it.\\",\\"selector\\":\\"#asset-picker button:first-child\\",\\"position\\":\\"right\\",\\"allowClicksThruHole\\":true,\\"style\\":{\\"button\\":{\\"visibility\\":\\"hidden\\"}}}]"`;

exports[`Tutorial Tests should have the correct part 2 1`] = `"[{\\"title\\":\\"Placing an Object\\",\\"text\\":\\"<strong>Click/touch</strong> inside the room to place the bed.\\",\\"selector\\":\\".a-canvas\\",\\"position\\":\\"bottom\\",\\"allowClicksThruHole\\":true,\\"style\\":{\\"button\\":{\\"visibility\\":\\"hidden\\"}}}]"`;

exports[`Tutorial Tests should have the correct part 3 1`] = `"[{\\"title\\":\\"Object Options\\",\\"text\\":\\"After an object is placed, this option panel appears. Here you confirm placement, rotate, or remove the selected object.\\",\\"selector\\":\\"#UI-selected-asset-options\\",\\"position\\":\\"right\\",\\"allowClicksThruHole\\":true},{\\"title\\":\\"Object Movement\\",\\"text\\":\\"The arrow buttons can be used to move a selected object within the scene. Clicking/touching an empty space will also move the object. Additionally, if using the Chrome Browser, objects can be dragged around the scene.\\",\\"selector\\":\\".a-canvas\\",\\"position\\":\\"left\\",\\"allowClicksThruHole\\":true},{\\"title\\":\\"Placing Walls\\",\\"text\\":\\"Select the <strong>Construction</strong> category.\\",\\"selector\\":\\".category-construction\\",\\"position\\":\\"top\\",\\"allowClicksThruHole\\":true,\\"style\\":{\\"button\\":{\\"visibility\\":\\"hidden\\"}}}]"`;

exports[`Tutorial Tests should have the correct part 4 1`] = `"[{\\"title\\":\\"Placing Walls\\",\\"text\\":\\"<strong>Click/touch</strong> the wall to select it.\\",\\"selector\\":\\".asset-wall-1\\",\\"position\\":\\"right\\",\\"allowClicksThruHole\\":true,\\"style\\":{\\"button\\":{\\"visibility\\":\\"hidden\\"}}}]"`;

exports[`Tutorial Tests should have the correct part 5 1`] = `"[{\\"title\\":\\"Placing Walls\\",\\"text\\":\\"Now <strong>click/touch</strong> in the scene to place the wall.\\",\\"selector\\":\\".a-canvas\\",\\"position\\":\\"right\\",\\"allowClicksThruHole\\":true,\\"style\\":{\\"button\\":{\\"visibility\\":\\"hidden\\"}}}]"`;
